TimeQuest Timing Analyzer report for SegmentDisplay
Thu Apr 28 07:45:01 2016
Quartus II 64-Bit Version 13.0.1 Build 232 06/12/2013 Service Pack 1 SJ Web Edition


---------------------
; Table of Contents ;
---------------------
  1. Legal Notice
  2. TimeQuest Timing Analyzer Summary
  3. Parallel Compilation
  4. Clocks
  5. Slow Model Fmax Summary
  6. Slow Model Setup Summary
  7. Slow Model Hold Summary
  8. Slow Model Recovery Summary
  9. Slow Model Removal Summary
 10. Slow Model Minimum Pulse Width Summary
 11. Propagation Delay
 12. Minimum Propagation Delay
 13. Fast Model Setup Summary
 14. Fast Model Hold Summary
 15. Fast Model Recovery Summary
 16. Fast Model Removal Summary
 17. Fast Model Minimum Pulse Width Summary
 18. Propagation Delay
 19. Minimum Propagation Delay
 20. Multicorner Timing Analysis Summary
 21. Progagation Delay
 22. Minimum Progagation Delay
 23. Clock Transfers
 24. Report TCCS
 25. Report RSKM
 26. Unconstrained Paths
 27. TimeQuest Timing Analyzer Messages



----------------
; Legal Notice ;
----------------
Copyright (C) 1991-2013 Altera Corporation
Your use of Altera Corporation's design tools, logic functions 
and other software and tools, and its AMPP partner logic 
functions, and any output files from any of the foregoing 
(including device programming or simulation files), and any 
associated documentation or information are expressly subject 
to the terms and conditions of the Altera Program License 
Subscription Agreement, Altera MegaCore Function License 
Agreement, or other applicable license agreement, including, 
without limitation, that your use is for the sole purpose of 
programming logic devices manufactured by Altera and sold by 
Altera or its authorized distributors.  Please refer to the 
applicable agreement for further details.



+----------------------------------------------------------------------------------------+
; TimeQuest Timing Analyzer Summary                                                      ;
+--------------------+-------------------------------------------------------------------+
; Quartus II Version ; Version 13.0.1 Build 232 06/12/2013 Service Pack 1 SJ Web Edition ;
; Revision Name      ; SegmentDisplay                                                    ;
; Device Family      ; Cyclone II                                                        ;
; Device Name        ; EP2C35F672C6                                                      ;
; Timing Models      ; Final                                                             ;
; Delay Model        ; Combined                                                          ;
; Rise/Fall Delays   ; Unavailable                                                       ;
+--------------------+-------------------------------------------------------------------+


Parallel compilation was disabled, but you have multiple processors available. Enable parallel compilation to reduce compilation time.
+-------------------------------------+
; Parallel Compilation                ;
+----------------------------+--------+
; Processors                 ; Number ;
+----------------------------+--------+
; Number detected on machine ; 4      ;
; Maximum allowed            ; 1      ;
+----------------------------+--------+


----------
; Clocks ;
----------
No clocks to report.


---------------------------
; Slow Model Fmax Summary ;
---------------------------
No paths to report.


----------------------------
; Slow Model Setup Summary ;
----------------------------
No paths to report.


---------------------------
; Slow Model Hold Summary ;
---------------------------
No paths to report.


-------------------------------
; Slow Model Recovery Summary ;
-------------------------------
No paths to report.


------------------------------
; Slow Model Removal Summary ;
------------------------------
No paths to report.


------------------------------------------
; Slow Model Minimum Pulse Width Summary ;
------------------------------------------
No paths to report.


+--------------------------------------------------------------+
; Propagation Delay                                            ;
+------------+-------------+--------+--------+--------+--------+
; Input Port ; Output Port ; RR     ; RF     ; FR     ; FF     ;
+------------+-------------+--------+--------+--------+--------+
; SW[0]      ; Hex0[0]     ;        ; 8.213  ; 8.213  ;        ;
; SW[0]      ; Hex0[1]     ; 8.178  ; 8.178  ; 8.178  ; 8.178  ;
; SW[0]      ; Hex0[2]     ; 8.188  ; 8.188  ; 8.188  ; 8.188  ;
; SW[0]      ; Hex0[3]     ;        ; 7.936  ; 7.936  ;        ;
; SW[0]      ; LEDR[0]     ; 5.897  ;        ;        ; 5.897  ;
; SW[1]      ; Hex0[1]     ; 8.520  ; 9.194  ; 9.194  ; 8.520  ;
; SW[1]      ; Hex0[2]     ; 8.530  ; 9.204  ; 9.204  ; 8.530  ;
; SW[1]      ; Hex0[3]     ;        ; 8.300  ; 8.300  ;        ;
; SW[1]      ; Hex0[6]     ; 8.261  ;        ;        ; 8.261  ;
; SW[1]      ; LEDR[1]     ; 5.976  ;        ;        ; 5.976  ;
; SW[2]      ; Hex0[0]     ; 7.070  ;        ;        ; 7.070  ;
; SW[2]      ; Hex0[1]     ; 8.422  ; 7.449  ; 7.449  ; 8.422  ;
; SW[2]      ; Hex0[2]     ; 8.432  ; 7.459  ; 7.459  ; 8.432  ;
; SW[2]      ; Hex0[3]     ; 7.231  ;        ;        ; 7.231  ;
; SW[2]      ; Hex0[4]     ; 6.831  ;        ;        ; 6.831  ;
; SW[2]      ; Hex0[5]     ; 6.821  ;        ;        ; 6.821  ;
; SW[2]      ; Hex0[6]     ; 6.807  ;        ;        ; 6.807  ;
; SW[2]      ; LEDR[2]     ; 5.135  ;        ;        ; 5.135  ;
; SW[3]      ; Hex0[0]     ;        ; 7.012  ; 7.012  ;        ;
; SW[3]      ; Hex0[1]     ; 6.977  ; 6.977  ; 6.977  ; 6.977  ;
; SW[3]      ; Hex0[2]     ; 6.987  ; 6.987  ; 6.987  ; 6.987  ;
; SW[3]      ; Hex0[3]     ;        ; 6.735  ; 6.735  ;        ;
; SW[3]      ; LEDR[3]     ; 5.783  ;        ;        ; 5.783  ;
; SW[4]      ; Hex0[1]     ; 6.822  ; 6.958  ; 6.958  ; 6.822  ;
; SW[4]      ; Hex0[2]     ; 6.832  ; 6.968  ; 6.968  ; 6.832  ;
; SW[4]      ; Hex0[3]     ;        ; 6.602  ; 6.602  ;        ;
; SW[4]      ; Hex0[6]     ; 6.563  ;        ;        ; 6.563  ;
; SW[4]      ; LEDR[4]     ; 5.280  ;        ;        ; 5.280  ;
; SW[5]      ; Hex0[0]     ; 6.612  ;        ;        ; 6.612  ;
; SW[5]      ; Hex0[1]     ; 6.990  ; 6.990  ; 6.990  ; 6.990  ;
; SW[5]      ; Hex0[2]     ; 7.000  ; 7.000  ; 7.000  ; 7.000  ;
; SW[5]      ; Hex0[3]     ; 6.772  ;        ;        ; 6.772  ;
; SW[5]      ; Hex0[4]     ; 6.372  ;        ;        ; 6.372  ;
; SW[5]      ; Hex0[5]     ; 6.362  ;        ;        ; 6.362  ;
; SW[5]      ; Hex0[6]     ; 6.342  ;        ;        ; 6.342  ;
; SW[5]      ; LEDR[5]     ; 5.702  ;        ;        ; 5.702  ;
; SW[6]      ; Hex0[0]     ; 7.396  ; 7.396  ; 7.396  ; 7.396  ;
; SW[6]      ; Hex0[1]     ; 7.361  ; 7.361  ; 7.361  ; 7.361  ;
; SW[6]      ; Hex0[2]     ; 7.371  ; 7.371  ; 7.371  ; 7.371  ;
; SW[6]      ; Hex0[3]     ; 7.119  ; 7.119  ; 7.119  ; 7.119  ;
; SW[6]      ; LEDR[6]     ; 5.402  ;        ;        ; 5.402  ;
; SW[7]      ; Hex0[1]     ; 8.523  ; 8.659  ; 8.659  ; 8.523  ;
; SW[7]      ; Hex0[2]     ; 8.533  ; 8.669  ; 8.669  ; 8.533  ;
; SW[7]      ; Hex0[3]     ;        ; 8.303  ; 8.303  ;        ;
; SW[7]      ; Hex0[6]     ; 8.264  ;        ;        ; 8.264  ;
; SW[7]      ; LEDR[7]     ; 6.516  ;        ;        ; 6.516  ;
; SW[8]      ; Hex0[0]     ; 8.610  ;        ;        ; 8.610  ;
; SW[8]      ; Hex0[1]     ; 8.988  ; 8.988  ; 8.988  ; 8.988  ;
; SW[8]      ; Hex0[2]     ; 8.998  ; 8.998  ; 8.998  ; 8.998  ;
; SW[8]      ; Hex0[3]     ; 8.770  ;        ;        ; 8.770  ;
; SW[8]      ; Hex0[4]     ; 8.370  ;        ;        ; 8.370  ;
; SW[8]      ; Hex0[5]     ; 8.360  ;        ;        ; 8.360  ;
; SW[8]      ; Hex0[6]     ; 8.340  ;        ;        ; 8.340  ;
; SW[8]      ; LEDR[8]     ; 5.873  ;        ;        ; 5.873  ;
; SW[9]      ; Hex0[0]     ;        ; 9.372  ; 9.372  ;        ;
; SW[9]      ; Hex0[1]     ; 9.337  ; 9.337  ; 9.337  ; 9.337  ;
; SW[9]      ; Hex0[2]     ; 9.347  ; 9.347  ; 9.347  ; 9.347  ;
; SW[9]      ; Hex0[3]     ;        ; 9.095  ; 9.095  ;        ;
; SW[9]      ; LEDR[9]     ; 6.216  ;        ;        ; 6.216  ;
; SW[10]     ; Hex0[1]     ; 8.925  ; 8.925  ; 8.925  ; 8.925  ;
; SW[10]     ; Hex0[2]     ; 8.935  ; 8.935  ; 8.935  ; 8.935  ;
; SW[10]     ; Hex0[3]     ; 8.569  ; 8.569  ; 8.569  ; 8.569  ;
; SW[10]     ; Hex0[6]     ; 8.530  ; 8.530  ; 8.530  ; 8.530  ;
; SW[10]     ; LEDR[10]    ; 5.682  ;        ;        ; 5.682  ;
; SW[11]     ; Hex0[0]     ; 8.789  ; 8.789  ; 8.789  ; 8.789  ;
; SW[11]     ; Hex0[1]     ; 9.167  ; 9.167  ; 9.167  ; 9.167  ;
; SW[11]     ; Hex0[2]     ; 9.177  ; 9.177  ; 9.177  ; 9.177  ;
; SW[11]     ; Hex0[3]     ; 8.949  ; 8.949  ; 8.949  ; 8.949  ;
; SW[11]     ; Hex0[4]     ; 8.549  ; 8.549  ; 8.549  ; 8.549  ;
; SW[11]     ; Hex0[5]     ; 8.539  ; 8.539  ; 8.539  ; 8.539  ;
; SW[11]     ; Hex0[6]     ; 8.519  ; 8.519  ; 8.519  ; 8.519  ;
; SW[11]     ; LEDR[11]    ; 5.639  ;        ;        ; 5.639  ;
; SW[12]     ; Hex0[0]     ; 9.096  ; 9.096  ; 9.096  ; 9.096  ;
; SW[12]     ; Hex0[1]     ; 9.061  ; 9.061  ; 9.061  ; 9.061  ;
; SW[12]     ; Hex0[2]     ; 9.071  ; 9.071  ; 9.071  ; 9.071  ;
; SW[12]     ; Hex0[3]     ; 8.819  ; 8.819  ; 8.819  ; 8.819  ;
; SW[12]     ; LEDR[12]    ; 5.703  ;        ;        ; 5.703  ;
; SW[13]     ; Hex0[1]     ; 13.007 ; 13.007 ; 13.007 ; 13.007 ;
; SW[13]     ; Hex0[2]     ; 13.017 ; 13.017 ; 13.017 ; 13.017 ;
; SW[13]     ; Hex0[3]     ; 12.651 ; 12.651 ; 12.651 ; 12.651 ;
; SW[13]     ; Hex0[6]     ; 12.612 ; 12.612 ; 12.612 ; 12.612 ;
; SW[13]     ; LEDR[13]    ; 9.606  ;        ;        ; 9.606  ;
; SW[14]     ; Hex0[0]     ; 12.693 ; 12.693 ; 12.693 ; 12.693 ;
; SW[14]     ; Hex0[1]     ; 13.071 ; 13.071 ; 13.071 ; 13.071 ;
; SW[14]     ; Hex0[2]     ; 13.081 ; 13.081 ; 13.081 ; 13.081 ;
; SW[14]     ; Hex0[3]     ; 12.853 ; 12.853 ; 12.853 ; 12.853 ;
; SW[14]     ; Hex0[4]     ; 12.453 ; 12.453 ; 12.453 ; 12.453 ;
; SW[14]     ; Hex0[5]     ; 12.443 ; 12.443 ; 12.443 ; 12.443 ;
; SW[14]     ; Hex0[6]     ; 12.423 ; 12.423 ; 12.423 ; 12.423 ;
; SW[14]     ; LEDR[14]    ; 9.738  ;        ;        ; 9.738  ;
; SW[15]     ; Hex0[0]     ; 12.614 ; 12.614 ; 12.614 ; 12.614 ;
; SW[15]     ; Hex0[1]     ; 12.976 ; 12.976 ; 12.976 ; 12.976 ;
; SW[15]     ; Hex0[2]     ; 12.986 ; 12.986 ; 12.986 ; 12.986 ;
; SW[15]     ; Hex0[3]     ; 12.646 ; 12.646 ; 12.646 ; 12.646 ;
; SW[15]     ; Hex0[4]     ; 12.246 ; 12.246 ; 12.246 ; 12.246 ;
; SW[15]     ; Hex0[5]     ; 12.236 ; 12.236 ; 12.236 ; 12.236 ;
; SW[15]     ; Hex0[6]     ; 12.581 ; 12.581 ; 12.581 ; 12.581 ;
; SW[15]     ; LEDR[15]    ; 9.631  ;        ;        ; 9.631  ;
; SW[16]     ; Hex0[0]     ; 12.781 ; 12.781 ; 12.781 ; 12.781 ;
; SW[16]     ; Hex0[1]     ; 12.969 ; 12.969 ; 12.969 ; 12.969 ;
; SW[16]     ; Hex0[2]     ; 12.979 ; 12.979 ; 12.979 ; 12.979 ;
; SW[16]     ; Hex0[3]     ; 12.613 ; 12.613 ; 12.613 ; 12.613 ;
; SW[16]     ; Hex0[4]     ; 12.147 ; 12.147 ; 12.147 ; 12.147 ;
; SW[16]     ; Hex0[5]     ; 12.137 ; 12.137 ; 12.137 ; 12.137 ;
; SW[16]     ; Hex0[6]     ; 12.574 ; 12.574 ; 12.574 ; 12.574 ;
; SW[16]     ; LEDR[16]    ; 9.649  ;        ;        ; 9.649  ;
; SW[17]     ; Hex0[0]     ; 11.986 ; 11.986 ; 11.986 ; 11.986 ;
; SW[17]     ; Hex0[1]     ; 12.628 ; 11.951 ; 11.951 ; 12.628 ;
; SW[17]     ; Hex0[2]     ; 12.638 ; 11.961 ; 11.961 ; 12.638 ;
; SW[17]     ; Hex0[3]     ; 11.709 ; 11.709 ; 11.709 ; 11.709 ;
; SW[17]     ; Hex0[4]     ; 11.013 ; 11.013 ; 11.013 ; 11.013 ;
; SW[17]     ; Hex0[5]     ; 11.003 ; 11.003 ; 11.003 ; 11.003 ;
; SW[17]     ; Hex0[6]     ; 11.524 ; 11.524 ; 11.524 ; 11.524 ;
; SW[17]     ; LEDR[17]    ; 9.873  ;        ;        ; 9.873  ;
+------------+-------------+--------+--------+--------+--------+


+--------------------------------------------------------------+
; Minimum Propagation Delay                                    ;
+------------+-------------+--------+--------+--------+--------+
; Input Port ; Output Port ; RR     ; RF     ; FR     ; FF     ;
+------------+-------------+--------+--------+--------+--------+
; SW[0]      ; Hex0[0]     ;        ; 8.213  ; 8.213  ;        ;
; SW[0]      ; Hex0[1]     ; 8.178  ; 8.178  ; 8.178  ; 8.178  ;
; SW[0]      ; Hex0[2]     ; 8.188  ; 8.188  ; 8.188  ; 8.188  ;
; SW[0]      ; Hex0[3]     ;        ; 7.936  ; 7.936  ;        ;
; SW[0]      ; LEDR[0]     ; 5.897  ;        ;        ; 5.897  ;
; SW[1]      ; Hex0[1]     ; 8.520  ; 8.520  ; 8.520  ; 8.520  ;
; SW[1]      ; Hex0[2]     ; 8.530  ; 8.530  ; 8.530  ; 8.530  ;
; SW[1]      ; Hex0[3]     ;        ; 8.300  ; 8.300  ;        ;
; SW[1]      ; Hex0[6]     ; 8.261  ;        ;        ; 8.261  ;
; SW[1]      ; LEDR[1]     ; 5.976  ;        ;        ; 5.976  ;
; SW[2]      ; Hex0[0]     ; 7.070  ;        ;        ; 7.070  ;
; SW[2]      ; Hex0[1]     ; 7.449  ; 7.449  ; 7.449  ; 7.449  ;
; SW[2]      ; Hex0[2]     ; 7.459  ; 7.459  ; 7.459  ; 7.459  ;
; SW[2]      ; Hex0[3]     ; 7.231  ;        ;        ; 7.231  ;
; SW[2]      ; Hex0[4]     ; 6.831  ;        ;        ; 6.831  ;
; SW[2]      ; Hex0[5]     ; 6.821  ;        ;        ; 6.821  ;
; SW[2]      ; Hex0[6]     ; 6.807  ;        ;        ; 6.807  ;
; SW[2]      ; LEDR[2]     ; 5.135  ;        ;        ; 5.135  ;
; SW[3]      ; Hex0[0]     ;        ; 7.012  ; 7.012  ;        ;
; SW[3]      ; Hex0[1]     ; 6.977  ; 6.977  ; 6.977  ; 6.977  ;
; SW[3]      ; Hex0[2]     ; 6.987  ; 6.987  ; 6.987  ; 6.987  ;
; SW[3]      ; Hex0[3]     ;        ; 6.735  ; 6.735  ;        ;
; SW[3]      ; LEDR[3]     ; 5.783  ;        ;        ; 5.783  ;
; SW[4]      ; Hex0[1]     ; 6.822  ; 6.822  ; 6.822  ; 6.822  ;
; SW[4]      ; Hex0[2]     ; 6.832  ; 6.832  ; 6.832  ; 6.832  ;
; SW[4]      ; Hex0[3]     ;        ; 6.602  ; 6.602  ;        ;
; SW[4]      ; Hex0[6]     ; 6.563  ;        ;        ; 6.563  ;
; SW[4]      ; LEDR[4]     ; 5.280  ;        ;        ; 5.280  ;
; SW[5]      ; Hex0[0]     ; 6.612  ;        ;        ; 6.612  ;
; SW[5]      ; Hex0[1]     ; 6.980  ; 6.990  ; 6.990  ; 6.980  ;
; SW[5]      ; Hex0[2]     ; 6.990  ; 7.000  ; 7.000  ; 6.990  ;
; SW[5]      ; Hex0[3]     ; 6.772  ;        ;        ; 6.772  ;
; SW[5]      ; Hex0[4]     ; 6.372  ;        ;        ; 6.372  ;
; SW[5]      ; Hex0[5]     ; 6.362  ;        ;        ; 6.362  ;
; SW[5]      ; Hex0[6]     ; 6.342  ;        ;        ; 6.342  ;
; SW[5]      ; LEDR[5]     ; 5.702  ;        ;        ; 5.702  ;
; SW[6]      ; Hex0[0]     ; 7.396  ; 7.396  ; 7.396  ; 7.396  ;
; SW[6]      ; Hex0[1]     ; 7.361  ; 7.361  ; 7.361  ; 7.361  ;
; SW[6]      ; Hex0[2]     ; 7.371  ; 7.371  ; 7.371  ; 7.371  ;
; SW[6]      ; Hex0[3]     ; 7.119  ; 7.119  ; 7.119  ; 7.119  ;
; SW[6]      ; LEDR[6]     ; 5.402  ;        ;        ; 5.402  ;
; SW[7]      ; Hex0[1]     ; 8.523  ; 8.523  ; 8.523  ; 8.523  ;
; SW[7]      ; Hex0[2]     ; 8.533  ; 8.533  ; 8.533  ; 8.533  ;
; SW[7]      ; Hex0[3]     ;        ; 8.303  ; 8.303  ;        ;
; SW[7]      ; Hex0[6]     ; 8.264  ;        ;        ; 8.264  ;
; SW[7]      ; LEDR[7]     ; 6.516  ;        ;        ; 6.516  ;
; SW[8]      ; Hex0[0]     ; 8.610  ;        ;        ; 8.610  ;
; SW[8]      ; Hex0[1]     ; 8.978  ; 8.988  ; 8.988  ; 8.978  ;
; SW[8]      ; Hex0[2]     ; 8.988  ; 8.998  ; 8.998  ; 8.988  ;
; SW[8]      ; Hex0[3]     ; 8.770  ;        ;        ; 8.770  ;
; SW[8]      ; Hex0[4]     ; 8.370  ;        ;        ; 8.370  ;
; SW[8]      ; Hex0[5]     ; 8.360  ;        ;        ; 8.360  ;
; SW[8]      ; Hex0[6]     ; 8.340  ;        ;        ; 8.340  ;
; SW[8]      ; LEDR[8]     ; 5.873  ;        ;        ; 5.873  ;
; SW[9]      ; Hex0[0]     ;        ; 9.372  ; 9.372  ;        ;
; SW[9]      ; Hex0[1]     ; 9.337  ; 9.337  ; 9.337  ; 9.337  ;
; SW[9]      ; Hex0[2]     ; 9.347  ; 9.347  ; 9.347  ; 9.347  ;
; SW[9]      ; Hex0[3]     ;        ; 9.095  ; 9.095  ;        ;
; SW[9]      ; LEDR[9]     ; 6.216  ;        ;        ; 6.216  ;
; SW[10]     ; Hex0[1]     ; 8.789  ; 8.789  ; 8.789  ; 8.789  ;
; SW[10]     ; Hex0[2]     ; 8.799  ; 8.799  ; 8.799  ; 8.799  ;
; SW[10]     ; Hex0[3]     ; 8.569  ; 8.569  ; 8.569  ; 8.569  ;
; SW[10]     ; Hex0[6]     ; 8.530  ; 8.530  ; 8.530  ; 8.530  ;
; SW[10]     ; LEDR[10]    ; 5.682  ;        ;        ; 5.682  ;
; SW[11]     ; Hex0[0]     ; 8.789  ; 8.789  ; 8.789  ; 8.789  ;
; SW[11]     ; Hex0[1]     ; 9.157  ; 9.157  ; 9.157  ; 9.157  ;
; SW[11]     ; Hex0[2]     ; 9.167  ; 9.167  ; 9.167  ; 9.167  ;
; SW[11]     ; Hex0[3]     ; 8.949  ; 8.949  ; 8.949  ; 8.949  ;
; SW[11]     ; Hex0[4]     ; 8.549  ; 8.549  ; 8.549  ; 8.549  ;
; SW[11]     ; Hex0[5]     ; 8.539  ; 8.539  ; 8.539  ; 8.539  ;
; SW[11]     ; Hex0[6]     ; 8.519  ; 8.519  ; 8.519  ; 8.519  ;
; SW[11]     ; LEDR[11]    ; 5.639  ;        ;        ; 5.639  ;
; SW[12]     ; Hex0[0]     ; 9.096  ; 9.096  ; 9.096  ; 9.096  ;
; SW[12]     ; Hex0[1]     ; 9.061  ; 9.061  ; 9.061  ; 9.061  ;
; SW[12]     ; Hex0[2]     ; 9.071  ; 9.071  ; 9.071  ; 9.071  ;
; SW[12]     ; Hex0[3]     ; 8.819  ; 8.819  ; 8.819  ; 8.819  ;
; SW[12]     ; LEDR[12]    ; 5.703  ;        ;        ; 5.703  ;
; SW[13]     ; Hex0[1]     ; 12.871 ; 12.871 ; 12.871 ; 12.871 ;
; SW[13]     ; Hex0[2]     ; 12.881 ; 12.881 ; 12.881 ; 12.881 ;
; SW[13]     ; Hex0[3]     ; 12.651 ; 12.651 ; 12.651 ; 12.651 ;
; SW[13]     ; Hex0[6]     ; 12.612 ; 12.612 ; 12.612 ; 12.612 ;
; SW[13]     ; LEDR[13]    ; 9.606  ;        ;        ; 9.606  ;
; SW[14]     ; Hex0[0]     ; 12.693 ; 12.693 ; 12.693 ; 12.693 ;
; SW[14]     ; Hex0[1]     ; 13.061 ; 13.061 ; 13.061 ; 13.061 ;
; SW[14]     ; Hex0[2]     ; 13.071 ; 13.071 ; 13.071 ; 13.071 ;
; SW[14]     ; Hex0[3]     ; 12.853 ; 12.853 ; 12.853 ; 12.853 ;
; SW[14]     ; Hex0[4]     ; 12.453 ; 12.453 ; 12.453 ; 12.453 ;
; SW[14]     ; Hex0[5]     ; 12.443 ; 12.443 ; 12.443 ; 12.443 ;
; SW[14]     ; Hex0[6]     ; 12.423 ; 12.423 ; 12.423 ; 12.423 ;
; SW[14]     ; LEDR[14]    ; 9.738  ;        ;        ; 9.738  ;
; SW[15]     ; Hex0[0]     ; 12.388 ; 12.388 ; 12.388 ; 12.388 ;
; SW[15]     ; Hex0[1]     ; 12.353 ; 12.353 ; 12.353 ; 12.353 ;
; SW[15]     ; Hex0[2]     ; 12.363 ; 12.363 ; 12.363 ; 12.363 ;
; SW[15]     ; Hex0[3]     ; 12.111 ; 12.111 ; 12.111 ; 12.111 ;
; SW[15]     ; Hex0[4]     ; 12.246 ; 12.246 ; 12.246 ; 12.246 ;
; SW[15]     ; Hex0[5]     ; 12.236 ; 12.236 ; 12.236 ; 12.236 ;
; SW[15]     ; Hex0[6]     ; 12.216 ; 12.216 ; 12.216 ; 12.216 ;
; SW[15]     ; LEDR[15]    ; 9.631  ;        ;        ; 9.631  ;
; SW[16]     ; Hex0[0]     ; 11.950 ; 11.950 ; 11.950 ; 11.950 ;
; SW[16]     ; Hex0[1]     ; 12.303 ; 12.303 ; 12.303 ; 12.303 ;
; SW[16]     ; Hex0[2]     ; 12.313 ; 12.313 ; 12.313 ; 12.313 ;
; SW[16]     ; Hex0[3]     ; 12.083 ; 12.083 ; 12.083 ; 12.083 ;
; SW[16]     ; Hex0[4]     ; 11.710 ; 11.710 ; 11.710 ; 11.710 ;
; SW[16]     ; Hex0[5]     ; 11.700 ; 11.700 ; 11.700 ; 11.700 ;
; SW[16]     ; Hex0[6]     ; 11.680 ; 11.680 ; 11.680 ; 11.680 ;
; SW[16]     ; LEDR[16]    ; 9.649  ;        ;        ; 9.649  ;
; SW[17]     ; Hex0[0]     ; 11.253 ; 11.253 ; 11.253 ; 11.253 ;
; SW[17]     ; Hex0[1]     ; 11.631 ; 11.631 ; 11.631 ; 11.631 ;
; SW[17]     ; Hex0[2]     ; 11.641 ; 11.641 ; 11.641 ; 11.641 ;
; SW[17]     ; Hex0[3]     ; 11.413 ; 11.413 ; 11.413 ; 11.413 ;
; SW[17]     ; Hex0[4]     ; 11.013 ; 11.013 ; 11.013 ; 11.013 ;
; SW[17]     ; Hex0[5]     ; 11.003 ; 11.003 ; 11.003 ; 11.003 ;
; SW[17]     ; Hex0[6]     ; 11.464 ; 11.464 ; 11.464 ; 11.464 ;
; SW[17]     ; LEDR[17]    ; 9.873  ;        ;        ; 9.873  ;
+------------+-------------+--------+--------+--------+--------+


----------------------------
; Fast Model Setup Summary ;
----------------------------
No paths to report.


---------------------------
; Fast Model Hold Summary ;
---------------------------
No paths to report.


-------------------------------
; Fast Model Recovery Summary ;
-------------------------------
No paths to report.


------------------------------
; Fast Model Removal Summary ;
------------------------------
No paths to report.


------------------------------------------
; Fast Model Minimum Pulse Width Summary ;
------------------------------------------
No paths to report.


+----------------------------------------------------------+
; Propagation Delay                                        ;
+------------+-------------+-------+-------+-------+-------+
; Input Port ; Output Port ; RR    ; RF    ; FR    ; FF    ;
+------------+-------------+-------+-------+-------+-------+
; SW[0]      ; Hex0[0]     ;       ; 4.224 ; 4.224 ;       ;
; SW[0]      ; Hex0[1]     ; 4.188 ; 4.188 ; 4.188 ; 4.188 ;
; SW[0]      ; Hex0[2]     ; 4.198 ; 4.198 ; 4.198 ; 4.198 ;
; SW[0]      ; Hex0[3]     ;       ; 4.103 ; 4.103 ;       ;
; SW[0]      ; LEDR[0]     ; 3.182 ;       ;       ; 3.182 ;
; SW[1]      ; Hex0[1]     ; 4.383 ; 4.665 ; 4.665 ; 4.383 ;
; SW[1]      ; Hex0[2]     ; 4.393 ; 4.675 ; 4.675 ; 4.393 ;
; SW[1]      ; Hex0[3]     ;       ; 4.300 ; 4.300 ;       ;
; SW[1]      ; Hex0[6]     ; 4.288 ;       ;       ; 4.288 ;
; SW[1]      ; LEDR[1]     ; 3.236 ;       ;       ; 3.236 ;
; SW[2]      ; Hex0[0]     ; 3.722 ;       ;       ; 3.722 ;
; SW[2]      ; Hex0[1]     ; 4.273 ; 3.865 ; 3.865 ; 4.273 ;
; SW[2]      ; Hex0[2]     ; 4.283 ; 3.875 ; 3.875 ; 4.283 ;
; SW[2]      ; Hex0[3]     ; 3.779 ;       ;       ; 3.779 ;
; SW[2]      ; Hex0[4]     ; 3.611 ;       ;       ; 3.611 ;
; SW[2]      ; Hex0[5]     ; 3.601 ;       ;       ; 3.601 ;
; SW[2]      ; Hex0[6]     ; 3.594 ;       ;       ; 3.594 ;
; SW[2]      ; LEDR[2]     ; 2.794 ;       ;       ; 2.794 ;
; SW[3]      ; Hex0[0]     ;       ; 3.544 ; 3.544 ;       ;
; SW[3]      ; Hex0[1]     ; 3.508 ; 3.508 ; 3.508 ; 3.508 ;
; SW[3]      ; Hex0[2]     ; 3.518 ; 3.518 ; 3.518 ; 3.518 ;
; SW[3]      ; Hex0[3]     ;       ; 3.423 ; 3.423 ;       ;
; SW[3]      ; LEDR[3]     ; 3.090 ;       ;       ; 3.090 ;
; SW[4]      ; Hex0[1]     ; 3.444 ; 3.507 ; 3.507 ; 3.444 ;
; SW[4]      ; Hex0[2]     ; 3.454 ; 3.517 ; 3.517 ; 3.454 ;
; SW[4]      ; Hex0[3]     ;       ; 3.361 ; 3.361 ;       ;
; SW[4]      ; Hex0[6]     ; 3.349 ;       ;       ; 3.349 ;
; SW[4]      ; LEDR[4]     ; 2.842 ;       ;       ; 2.842 ;
; SW[5]      ; Hex0[0]     ; 3.380 ;       ;       ; 3.380 ;
; SW[5]      ; Hex0[1]     ; 3.521 ; 3.521 ; 3.521 ; 3.521 ;
; SW[5]      ; Hex0[2]     ; 3.531 ; 3.531 ; 3.531 ; 3.531 ;
; SW[5]      ; Hex0[3]     ; 3.435 ;       ;       ; 3.435 ;
; SW[5]      ; Hex0[4]     ; 3.267 ;       ;       ; 3.267 ;
; SW[5]      ; Hex0[5]     ; 3.257 ;       ;       ; 3.257 ;
; SW[5]      ; Hex0[6]     ; 3.246 ;       ;       ; 3.246 ;
; SW[5]      ; LEDR[5]     ; 3.060 ;       ;       ; 3.060 ;
; SW[6]      ; Hex0[0]     ; 3.685 ; 3.685 ; 3.685 ; 3.685 ;
; SW[6]      ; Hex0[1]     ; 3.649 ; 3.649 ; 3.649 ; 3.649 ;
; SW[6]      ; Hex0[2]     ; 3.659 ; 3.659 ; 3.659 ; 3.659 ;
; SW[6]      ; Hex0[3]     ; 3.564 ; 3.564 ; 3.564 ; 3.564 ;
; SW[6]      ; LEDR[6]     ; 2.907 ;       ;       ; 2.907 ;
; SW[7]      ; Hex0[1]     ; 4.379 ; 4.442 ; 4.442 ; 4.379 ;
; SW[7]      ; Hex0[2]     ; 4.389 ; 4.452 ; 4.452 ; 4.389 ;
; SW[7]      ; Hex0[3]     ;       ; 4.296 ; 4.296 ;       ;
; SW[7]      ; Hex0[6]     ; 4.284 ;       ;       ; 4.284 ;
; SW[7]      ; LEDR[7]     ; 3.580 ;       ;       ; 3.580 ;
; SW[8]      ; Hex0[0]     ; 4.427 ;       ;       ; 4.427 ;
; SW[8]      ; Hex0[1]     ; 4.568 ; 4.568 ; 4.568 ; 4.568 ;
; SW[8]      ; Hex0[2]     ; 4.578 ; 4.578 ; 4.578 ; 4.578 ;
; SW[8]      ; Hex0[3]     ; 4.482 ;       ;       ; 4.482 ;
; SW[8]      ; Hex0[4]     ; 4.314 ;       ;       ; 4.314 ;
; SW[8]      ; Hex0[5]     ; 4.304 ;       ;       ; 4.304 ;
; SW[8]      ; Hex0[6]     ; 4.293 ;       ;       ; 4.293 ;
; SW[8]      ; LEDR[8]     ; 3.211 ;       ;       ; 3.211 ;
; SW[9]      ; Hex0[0]     ;       ; 4.760 ; 4.760 ;       ;
; SW[9]      ; Hex0[1]     ; 4.724 ; 4.724 ; 4.724 ; 4.724 ;
; SW[9]      ; Hex0[2]     ; 4.734 ; 4.734 ; 4.734 ; 4.734 ;
; SW[9]      ; Hex0[3]     ;       ; 4.639 ; 4.639 ;       ;
; SW[9]      ; LEDR[9]     ; 3.386 ;       ;       ; 3.386 ;
; SW[10]     ; Hex0[1]     ; 4.470 ; 4.470 ; 4.470 ; 4.470 ;
; SW[10]     ; Hex0[2]     ; 4.480 ; 4.480 ; 4.480 ; 4.480 ;
; SW[10]     ; Hex0[3]     ; 4.324 ; 4.324 ; 4.324 ; 4.324 ;
; SW[10]     ; Hex0[6]     ; 4.312 ; 4.312 ; 4.312 ; 4.312 ;
; SW[10]     ; LEDR[10]    ; 3.099 ;       ;       ; 3.099 ;
; SW[11]     ; Hex0[0]     ; 4.456 ; 4.456 ; 4.456 ; 4.456 ;
; SW[11]     ; Hex0[1]     ; 4.597 ; 4.597 ; 4.597 ; 4.597 ;
; SW[11]     ; Hex0[2]     ; 4.607 ; 4.607 ; 4.607 ; 4.607 ;
; SW[11]     ; Hex0[3]     ; 4.511 ; 4.511 ; 4.511 ; 4.511 ;
; SW[11]     ; Hex0[4]     ; 4.343 ; 4.343 ; 4.343 ; 4.343 ;
; SW[11]     ; Hex0[5]     ; 4.333 ; 4.333 ; 4.333 ; 4.333 ;
; SW[11]     ; Hex0[6]     ; 4.322 ; 4.322 ; 4.322 ; 4.322 ;
; SW[11]     ; LEDR[11]    ; 3.067 ;       ;       ; 3.067 ;
; SW[12]     ; Hex0[0]     ; 4.579 ; 4.579 ; 4.579 ; 4.579 ;
; SW[12]     ; Hex0[1]     ; 4.543 ; 4.543 ; 4.543 ; 4.543 ;
; SW[12]     ; Hex0[2]     ; 4.553 ; 4.553 ; 4.553 ; 4.553 ;
; SW[12]     ; Hex0[3]     ; 4.458 ; 4.458 ; 4.458 ; 4.458 ;
; SW[12]     ; LEDR[12]    ; 3.112 ;       ;       ; 3.112 ;
; SW[13]     ; Hex0[1]     ; 6.935 ; 6.935 ; 6.935 ; 6.935 ;
; SW[13]     ; Hex0[2]     ; 6.945 ; 6.945 ; 6.945 ; 6.945 ;
; SW[13]     ; Hex0[3]     ; 6.789 ; 6.789 ; 6.789 ; 6.789 ;
; SW[13]     ; Hex0[6]     ; 6.777 ; 6.777 ; 6.777 ; 6.777 ;
; SW[13]     ; LEDR[13]    ; 5.497 ;       ;       ; 5.497 ;
; SW[14]     ; Hex0[0]     ; 6.865 ; 6.865 ; 6.865 ; 6.865 ;
; SW[14]     ; Hex0[1]     ; 7.006 ; 7.006 ; 7.006 ; 7.006 ;
; SW[14]     ; Hex0[2]     ; 7.016 ; 7.016 ; 7.016 ; 7.016 ;
; SW[14]     ; Hex0[3]     ; 6.920 ; 6.920 ; 6.920 ; 6.920 ;
; SW[14]     ; Hex0[4]     ; 6.752 ; 6.752 ; 6.752 ; 6.752 ;
; SW[14]     ; Hex0[5]     ; 6.742 ; 6.742 ; 6.742 ; 6.742 ;
; SW[14]     ; Hex0[6]     ; 6.731 ; 6.731 ; 6.731 ; 6.731 ;
; SW[14]     ; LEDR[14]    ; 5.599 ;       ;       ; 5.599 ;
; SW[15]     ; Hex0[0]     ; 6.799 ; 6.799 ; 6.799 ; 6.799 ;
; SW[15]     ; Hex0[1]     ; 6.934 ; 6.934 ; 6.934 ; 6.934 ;
; SW[15]     ; Hex0[2]     ; 6.944 ; 6.944 ; 6.944 ; 6.944 ;
; SW[15]     ; Hex0[3]     ; 6.808 ; 6.808 ; 6.808 ; 6.808 ;
; SW[15]     ; Hex0[4]     ; 6.640 ; 6.640 ; 6.640 ; 6.640 ;
; SW[15]     ; Hex0[5]     ; 6.630 ; 6.630 ; 6.630 ; 6.630 ;
; SW[15]     ; Hex0[6]     ; 6.776 ; 6.776 ; 6.776 ; 6.776 ;
; SW[15]     ; LEDR[15]    ; 5.522 ;       ;       ; 5.522 ;
; SW[16]     ; Hex0[0]     ; 6.887 ; 6.887 ; 6.887 ; 6.887 ;
; SW[16]     ; Hex0[1]     ; 6.937 ; 6.937 ; 6.937 ; 6.937 ;
; SW[16]     ; Hex0[2]     ; 6.947 ; 6.947 ; 6.947 ; 6.947 ;
; SW[16]     ; Hex0[3]     ; 6.791 ; 6.791 ; 6.791 ; 6.791 ;
; SW[16]     ; Hex0[4]     ; 6.604 ; 6.604 ; 6.604 ; 6.604 ;
; SW[16]     ; Hex0[5]     ; 6.594 ; 6.594 ; 6.594 ; 6.594 ;
; SW[16]     ; Hex0[6]     ; 6.779 ; 6.779 ; 6.779 ; 6.779 ;
; SW[16]     ; LEDR[16]    ; 5.535 ;       ;       ; 5.535 ;
; SW[17]     ; Hex0[0]     ; 6.584 ; 6.584 ; 6.584 ; 6.584 ;
; SW[17]     ; Hex0[1]     ; 6.839 ; 6.548 ; 6.548 ; 6.839 ;
; SW[17]     ; Hex0[2]     ; 6.849 ; 6.558 ; 6.558 ; 6.849 ;
; SW[17]     ; Hex0[3]     ; 6.463 ; 6.463 ; 6.463 ; 6.463 ;
; SW[17]     ; Hex0[4]     ; 6.198 ; 6.198 ; 6.198 ; 6.198 ;
; SW[17]     ; Hex0[5]     ; 6.188 ; 6.188 ; 6.188 ; 6.188 ;
; SW[17]     ; Hex0[6]     ; 6.398 ; 6.398 ; 6.398 ; 6.398 ;
; SW[17]     ; LEDR[17]    ; 5.661 ;       ;       ; 5.661 ;
+------------+-------------+-------+-------+-------+-------+


+----------------------------------------------------------+
; Minimum Propagation Delay                                ;
+------------+-------------+-------+-------+-------+-------+
; Input Port ; Output Port ; RR    ; RF    ; FR    ; FF    ;
+------------+-------------+-------+-------+-------+-------+
; SW[0]      ; Hex0[0]     ;       ; 4.224 ; 4.224 ;       ;
; SW[0]      ; Hex0[1]     ; 4.188 ; 4.188 ; 4.188 ; 4.188 ;
; SW[0]      ; Hex0[2]     ; 4.198 ; 4.198 ; 4.198 ; 4.198 ;
; SW[0]      ; Hex0[3]     ;       ; 4.103 ; 4.103 ;       ;
; SW[0]      ; LEDR[0]     ; 3.182 ;       ;       ; 3.182 ;
; SW[1]      ; Hex0[1]     ; 4.383 ; 4.383 ; 4.383 ; 4.383 ;
; SW[1]      ; Hex0[2]     ; 4.393 ; 4.393 ; 4.393 ; 4.393 ;
; SW[1]      ; Hex0[3]     ;       ; 4.300 ; 4.300 ;       ;
; SW[1]      ; Hex0[6]     ; 4.288 ;       ;       ; 4.288 ;
; SW[1]      ; LEDR[1]     ; 3.236 ;       ;       ; 3.236 ;
; SW[2]      ; Hex0[0]     ; 3.722 ;       ;       ; 3.722 ;
; SW[2]      ; Hex0[1]     ; 3.865 ; 3.865 ; 3.865 ; 3.865 ;
; SW[2]      ; Hex0[2]     ; 3.875 ; 3.875 ; 3.875 ; 3.875 ;
; SW[2]      ; Hex0[3]     ; 3.779 ;       ;       ; 3.779 ;
; SW[2]      ; Hex0[4]     ; 3.611 ;       ;       ; 3.611 ;
; SW[2]      ; Hex0[5]     ; 3.601 ;       ;       ; 3.601 ;
; SW[2]      ; Hex0[6]     ; 3.594 ;       ;       ; 3.594 ;
; SW[2]      ; LEDR[2]     ; 2.794 ;       ;       ; 2.794 ;
; SW[3]      ; Hex0[0]     ;       ; 3.544 ; 3.544 ;       ;
; SW[3]      ; Hex0[1]     ; 3.508 ; 3.508 ; 3.508 ; 3.508 ;
; SW[3]      ; Hex0[2]     ; 3.518 ; 3.518 ; 3.518 ; 3.518 ;
; SW[3]      ; Hex0[3]     ;       ; 3.423 ; 3.423 ;       ;
; SW[3]      ; LEDR[3]     ; 3.090 ;       ;       ; 3.090 ;
; SW[4]      ; Hex0[1]     ; 3.444 ; 3.444 ; 3.444 ; 3.444 ;
; SW[4]      ; Hex0[2]     ; 3.454 ; 3.454 ; 3.454 ; 3.454 ;
; SW[4]      ; Hex0[3]     ;       ; 3.361 ; 3.361 ;       ;
; SW[4]      ; Hex0[6]     ; 3.349 ;       ;       ; 3.349 ;
; SW[4]      ; LEDR[4]     ; 2.842 ;       ;       ; 2.842 ;
; SW[5]      ; Hex0[0]     ; 3.380 ;       ;       ; 3.380 ;
; SW[5]      ; Hex0[1]     ; 3.517 ; 3.521 ; 3.521 ; 3.517 ;
; SW[5]      ; Hex0[2]     ; 3.527 ; 3.531 ; 3.531 ; 3.527 ;
; SW[5]      ; Hex0[3]     ; 3.435 ;       ;       ; 3.435 ;
; SW[5]      ; Hex0[4]     ; 3.267 ;       ;       ; 3.267 ;
; SW[5]      ; Hex0[5]     ; 3.257 ;       ;       ; 3.257 ;
; SW[5]      ; Hex0[6]     ; 3.246 ;       ;       ; 3.246 ;
; SW[5]      ; LEDR[5]     ; 3.060 ;       ;       ; 3.060 ;
; SW[6]      ; Hex0[0]     ; 3.685 ; 3.685 ; 3.685 ; 3.685 ;
; SW[6]      ; Hex0[1]     ; 3.649 ; 3.649 ; 3.649 ; 3.649 ;
; SW[6]      ; Hex0[2]     ; 3.659 ; 3.659 ; 3.659 ; 3.659 ;
; SW[6]      ; Hex0[3]     ; 3.564 ; 3.564 ; 3.564 ; 3.564 ;
; SW[6]      ; LEDR[6]     ; 2.907 ;       ;       ; 2.907 ;
; SW[7]      ; Hex0[1]     ; 4.379 ; 4.379 ; 4.379 ; 4.379 ;
; SW[7]      ; Hex0[2]     ; 4.389 ; 4.389 ; 4.389 ; 4.389 ;
; SW[7]      ; Hex0[3]     ;       ; 4.296 ; 4.296 ;       ;
; SW[7]      ; Hex0[6]     ; 4.284 ;       ;       ; 4.284 ;
; SW[7]      ; LEDR[7]     ; 3.580 ;       ;       ; 3.580 ;
; SW[8]      ; Hex0[0]     ; 4.427 ;       ;       ; 4.427 ;
; SW[8]      ; Hex0[1]     ; 4.564 ; 4.568 ; 4.568 ; 4.564 ;
; SW[8]      ; Hex0[2]     ; 4.574 ; 4.578 ; 4.578 ; 4.574 ;
; SW[8]      ; Hex0[3]     ; 4.482 ;       ;       ; 4.482 ;
; SW[8]      ; Hex0[4]     ; 4.314 ;       ;       ; 4.314 ;
; SW[8]      ; Hex0[5]     ; 4.304 ;       ;       ; 4.304 ;
; SW[8]      ; Hex0[6]     ; 4.293 ;       ;       ; 4.293 ;
; SW[8]      ; LEDR[8]     ; 3.211 ;       ;       ; 3.211 ;
; SW[9]      ; Hex0[0]     ;       ; 4.760 ; 4.760 ;       ;
; SW[9]      ; Hex0[1]     ; 4.724 ; 4.724 ; 4.724 ; 4.724 ;
; SW[9]      ; Hex0[2]     ; 4.734 ; 4.734 ; 4.734 ; 4.734 ;
; SW[9]      ; Hex0[3]     ;       ; 4.639 ; 4.639 ;       ;
; SW[9]      ; LEDR[9]     ; 3.386 ;       ;       ; 3.386 ;
; SW[10]     ; Hex0[1]     ; 4.407 ; 4.407 ; 4.407 ; 4.407 ;
; SW[10]     ; Hex0[2]     ; 4.417 ; 4.417 ; 4.417 ; 4.417 ;
; SW[10]     ; Hex0[3]     ; 4.324 ; 4.324 ; 4.324 ; 4.324 ;
; SW[10]     ; Hex0[6]     ; 4.312 ; 4.312 ; 4.312 ; 4.312 ;
; SW[10]     ; LEDR[10]    ; 3.099 ;       ;       ; 3.099 ;
; SW[11]     ; Hex0[0]     ; 4.456 ; 4.456 ; 4.456 ; 4.456 ;
; SW[11]     ; Hex0[1]     ; 4.593 ; 4.593 ; 4.593 ; 4.593 ;
; SW[11]     ; Hex0[2]     ; 4.603 ; 4.603 ; 4.603 ; 4.603 ;
; SW[11]     ; Hex0[3]     ; 4.511 ; 4.511 ; 4.511 ; 4.511 ;
; SW[11]     ; Hex0[4]     ; 4.343 ; 4.343 ; 4.343 ; 4.343 ;
; SW[11]     ; Hex0[5]     ; 4.333 ; 4.333 ; 4.333 ; 4.333 ;
; SW[11]     ; Hex0[6]     ; 4.322 ; 4.322 ; 4.322 ; 4.322 ;
; SW[11]     ; LEDR[11]    ; 3.067 ;       ;       ; 3.067 ;
; SW[12]     ; Hex0[0]     ; 4.579 ; 4.579 ; 4.579 ; 4.579 ;
; SW[12]     ; Hex0[1]     ; 4.543 ; 4.543 ; 4.543 ; 4.543 ;
; SW[12]     ; Hex0[2]     ; 4.553 ; 4.553 ; 4.553 ; 4.553 ;
; SW[12]     ; Hex0[3]     ; 4.458 ; 4.458 ; 4.458 ; 4.458 ;
; SW[12]     ; LEDR[12]    ; 3.112 ;       ;       ; 3.112 ;
; SW[13]     ; Hex0[1]     ; 6.872 ; 6.872 ; 6.872 ; 6.872 ;
; SW[13]     ; Hex0[2]     ; 6.882 ; 6.882 ; 6.882 ; 6.882 ;
; SW[13]     ; Hex0[3]     ; 6.789 ; 6.789 ; 6.789 ; 6.789 ;
; SW[13]     ; Hex0[6]     ; 6.777 ; 6.777 ; 6.777 ; 6.777 ;
; SW[13]     ; LEDR[13]    ; 5.497 ;       ;       ; 5.497 ;
; SW[14]     ; Hex0[0]     ; 6.865 ; 6.865 ; 6.865 ; 6.865 ;
; SW[14]     ; Hex0[1]     ; 7.002 ; 7.002 ; 7.002 ; 7.002 ;
; SW[14]     ; Hex0[2]     ; 7.012 ; 7.012 ; 7.012 ; 7.012 ;
; SW[14]     ; Hex0[3]     ; 6.920 ; 6.920 ; 6.920 ; 6.920 ;
; SW[14]     ; Hex0[4]     ; 6.752 ; 6.752 ; 6.752 ; 6.752 ;
; SW[14]     ; Hex0[5]     ; 6.742 ; 6.742 ; 6.742 ; 6.742 ;
; SW[14]     ; Hex0[6]     ; 6.731 ; 6.731 ; 6.731 ; 6.731 ;
; SW[14]     ; LEDR[14]    ; 5.599 ;       ;       ; 5.599 ;
; SW[15]     ; Hex0[0]     ; 6.713 ; 6.713 ; 6.713 ; 6.713 ;
; SW[15]     ; Hex0[1]     ; 6.677 ; 6.677 ; 6.677 ; 6.677 ;
; SW[15]     ; Hex0[2]     ; 6.687 ; 6.687 ; 6.687 ; 6.687 ;
; SW[15]     ; Hex0[3]     ; 6.592 ; 6.592 ; 6.592 ; 6.592 ;
; SW[15]     ; Hex0[4]     ; 6.640 ; 6.640 ; 6.640 ; 6.640 ;
; SW[15]     ; Hex0[5]     ; 6.630 ; 6.630 ; 6.630 ; 6.630 ;
; SW[15]     ; Hex0[6]     ; 6.619 ; 6.619 ; 6.619 ; 6.619 ;
; SW[15]     ; LEDR[15]    ; 5.522 ;       ;       ; 5.522 ;
; SW[16]     ; Hex0[0]     ; 6.541 ; 6.541 ; 6.541 ; 6.541 ;
; SW[16]     ; Hex0[1]     ; 6.653 ; 6.653 ; 6.653 ; 6.653 ;
; SW[16]     ; Hex0[2]     ; 6.663 ; 6.663 ; 6.663 ; 6.663 ;
; SW[16]     ; Hex0[3]     ; 6.570 ; 6.570 ; 6.570 ; 6.570 ;
; SW[16]     ; Hex0[4]     ; 6.428 ; 6.428 ; 6.428 ; 6.428 ;
; SW[16]     ; Hex0[5]     ; 6.418 ; 6.418 ; 6.418 ; 6.418 ;
; SW[16]     ; Hex0[6]     ; 6.407 ; 6.407 ; 6.407 ; 6.407 ;
; SW[16]     ; LEDR[16]    ; 5.535 ;       ;       ; 5.535 ;
; SW[17]     ; Hex0[0]     ; 6.312 ; 6.312 ; 6.312 ; 6.312 ;
; SW[17]     ; Hex0[1]     ; 6.452 ; 6.452 ; 6.452 ; 6.452 ;
; SW[17]     ; Hex0[2]     ; 6.462 ; 6.462 ; 6.462 ; 6.462 ;
; SW[17]     ; Hex0[3]     ; 6.366 ; 6.366 ; 6.366 ; 6.366 ;
; SW[17]     ; Hex0[4]     ; 6.198 ; 6.198 ; 6.198 ; 6.198 ;
; SW[17]     ; Hex0[5]     ; 6.188 ; 6.188 ; 6.188 ; 6.188 ;
; SW[17]     ; Hex0[6]     ; 6.377 ; 6.377 ; 6.377 ; 6.377 ;
; SW[17]     ; LEDR[17]    ; 5.661 ;       ;       ; 5.661 ;
+------------+-------------+-------+-------+-------+-------+


+----------------------------------------------------------------------------+
; Multicorner Timing Analysis Summary                                        ;
+------------------+-------+------+----------+---------+---------------------+
; Clock            ; Setup ; Hold ; Recovery ; Removal ; Minimum Pulse Width ;
+------------------+-------+------+----------+---------+---------------------+
; Worst-case Slack ; N/A   ; N/A  ; N/A      ; N/A     ; N/A                 ;
; Design-wide TNS  ; 0.0   ; 0.0  ; 0.0      ; 0.0     ; 0.0                 ;
+------------------+-------+------+----------+---------+---------------------+


+--------------------------------------------------------------+
; Progagation Delay                                            ;
+------------+-------------+--------+--------+--------+--------+
; Input Port ; Output Port ; RR     ; RF     ; FR     ; FF     ;
+------------+-------------+--------+--------+--------+--------+
; SW[0]      ; Hex0[0]     ;        ; 8.213  ; 8.213  ;        ;
; SW[0]      ; Hex0[1]     ; 8.178  ; 8.178  ; 8.178  ; 8.178  ;
; SW[0]      ; Hex0[2]     ; 8.188  ; 8.188  ; 8.188  ; 8.188  ;
; SW[0]      ; Hex0[3]     ;        ; 7.936  ; 7.936  ;        ;
; SW[0]      ; LEDR[0]     ; 5.897  ;        ;        ; 5.897  ;
; SW[1]      ; Hex0[1]     ; 8.520  ; 9.194  ; 9.194  ; 8.520  ;
; SW[1]      ; Hex0[2]     ; 8.530  ; 9.204  ; 9.204  ; 8.530  ;
; SW[1]      ; Hex0[3]     ;        ; 8.300  ; 8.300  ;        ;
; SW[1]      ; Hex0[6]     ; 8.261  ;        ;        ; 8.261  ;
; SW[1]      ; LEDR[1]     ; 5.976  ;        ;        ; 5.976  ;
; SW[2]      ; Hex0[0]     ; 7.070  ;        ;        ; 7.070  ;
; SW[2]      ; Hex0[1]     ; 8.422  ; 7.449  ; 7.449  ; 8.422  ;
; SW[2]      ; Hex0[2]     ; 8.432  ; 7.459  ; 7.459  ; 8.432  ;
; SW[2]      ; Hex0[3]     ; 7.231  ;        ;        ; 7.231  ;
; SW[2]      ; Hex0[4]     ; 6.831  ;        ;        ; 6.831  ;
; SW[2]      ; Hex0[5]     ; 6.821  ;        ;        ; 6.821  ;
; SW[2]      ; Hex0[6]     ; 6.807  ;        ;        ; 6.807  ;
; SW[2]      ; LEDR[2]     ; 5.135  ;        ;        ; 5.135  ;
; SW[3]      ; Hex0[0]     ;        ; 7.012  ; 7.012  ;        ;
; SW[3]      ; Hex0[1]     ; 6.977  ; 6.977  ; 6.977  ; 6.977  ;
; SW[3]      ; Hex0[2]     ; 6.987  ; 6.987  ; 6.987  ; 6.987  ;
; SW[3]      ; Hex0[3]     ;        ; 6.735  ; 6.735  ;        ;
; SW[3]      ; LEDR[3]     ; 5.783  ;        ;        ; 5.783  ;
; SW[4]      ; Hex0[1]     ; 6.822  ; 6.958  ; 6.958  ; 6.822  ;
; SW[4]      ; Hex0[2]     ; 6.832  ; 6.968  ; 6.968  ; 6.832  ;
; SW[4]      ; Hex0[3]     ;        ; 6.602  ; 6.602  ;        ;
; SW[4]      ; Hex0[6]     ; 6.563  ;        ;        ; 6.563  ;
; SW[4]      ; LEDR[4]     ; 5.280  ;        ;        ; 5.280  ;
; SW[5]      ; Hex0[0]     ; 6.612  ;        ;        ; 6.612  ;
; SW[5]      ; Hex0[1]     ; 6.990  ; 6.990  ; 6.990  ; 6.990  ;
; SW[5]      ; Hex0[2]     ; 7.000  ; 7.000  ; 7.000  ; 7.000  ;
; SW[5]      ; Hex0[3]     ; 6.772  ;        ;        ; 6.772  ;
; SW[5]      ; Hex0[4]     ; 6.372  ;        ;        ; 6.372  ;
; SW[5]      ; Hex0[5]     ; 6.362  ;        ;        ; 6.362  ;
; SW[5]      ; Hex0[6]     ; 6.342  ;        ;        ; 6.342  ;
; SW[5]      ; LEDR[5]     ; 5.702  ;        ;        ; 5.702  ;
; SW[6]      ; Hex0[0]     ; 7.396  ; 7.396  ; 7.396  ; 7.396  ;
; SW[6]      ; Hex0[1]     ; 7.361  ; 7.361  ; 7.361  ; 7.361  ;
; SW[6]      ; Hex0[2]     ; 7.371  ; 7.371  ; 7.371  ; 7.371  ;
; SW[6]      ; Hex0[3]     ; 7.119  ; 7.119  ; 7.119  ; 7.119  ;
; SW[6]      ; LEDR[6]     ; 5.402  ;        ;        ; 5.402  ;
; SW[7]      ; Hex0[1]     ; 8.523  ; 8.659  ; 8.659  ; 8.523  ;
; SW[7]      ; Hex0[2]     ; 8.533  ; 8.669  ; 8.669  ; 8.533  ;
; SW[7]      ; Hex0[3]     ;        ; 8.303  ; 8.303  ;        ;
; SW[7]      ; Hex0[6]     ; 8.264  ;        ;        ; 8.264  ;
; SW[7]      ; LEDR[7]     ; 6.516  ;        ;        ; 6.516  ;
; SW[8]      ; Hex0[0]     ; 8.610  ;        ;        ; 8.610  ;
; SW[8]      ; Hex0[1]     ; 8.988  ; 8.988  ; 8.988  ; 8.988  ;
; SW[8]      ; Hex0[2]     ; 8.998  ; 8.998  ; 8.998  ; 8.998  ;
; SW[8]      ; Hex0[3]     ; 8.770  ;        ;        ; 8.770  ;
; SW[8]      ; Hex0[4]     ; 8.370  ;        ;        ; 8.370  ;
; SW[8]      ; Hex0[5]     ; 8.360  ;        ;        ; 8.360  ;
; SW[8]      ; Hex0[6]     ; 8.340  ;        ;        ; 8.340  ;
; SW[8]      ; LEDR[8]     ; 5.873  ;        ;        ; 5.873  ;
; SW[9]      ; Hex0[0]     ;        ; 9.372  ; 9.372  ;        ;
; SW[9]      ; Hex0[1]     ; 9.337  ; 9.337  ; 9.337  ; 9.337  ;
; SW[9]      ; Hex0[2]     ; 9.347  ; 9.347  ; 9.347  ; 9.347  ;
; SW[9]      ; Hex0[3]     ;        ; 9.095  ; 9.095  ;        ;
; SW[9]      ; LEDR[9]     ; 6.216  ;        ;        ; 6.216  ;
; SW[10]     ; Hex0[1]     ; 8.925  ; 8.925  ; 8.925  ; 8.925  ;
; SW[10]     ; Hex0[2]     ; 8.935  ; 8.935  ; 8.935  ; 8.935  ;
; SW[10]     ; Hex0[3]     ; 8.569  ; 8.569  ; 8.569  ; 8.569  ;
; SW[10]     ; Hex0[6]     ; 8.530  ; 8.530  ; 8.530  ; 8.530  ;
; SW[10]     ; LEDR[10]    ; 5.682  ;        ;        ; 5.682  ;
; SW[11]     ; Hex0[0]     ; 8.789  ; 8.789  ; 8.789  ; 8.789  ;
; SW[11]     ; Hex0[1]     ; 9.167  ; 9.167  ; 9.167  ; 9.167  ;
; SW[11]     ; Hex0[2]     ; 9.177  ; 9.177  ; 9.177  ; 9.177  ;
; SW[11]     ; Hex0[3]     ; 8.949  ; 8.949  ; 8.949  ; 8.949  ;
; SW[11]     ; Hex0[4]     ; 8.549  ; 8.549  ; 8.549  ; 8.549  ;
; SW[11]     ; Hex0[5]     ; 8.539  ; 8.539  ; 8.539  ; 8.539  ;
; SW[11]     ; Hex0[6]     ; 8.519  ; 8.519  ; 8.519  ; 8.519  ;
; SW[11]     ; LEDR[11]    ; 5.639  ;        ;        ; 5.639  ;
; SW[12]     ; Hex0[0]     ; 9.096  ; 9.096  ; 9.096  ; 9.096  ;
; SW[12]     ; Hex0[1]     ; 9.061  ; 9.061  ; 9.061  ; 9.061  ;
; SW[12]     ; Hex0[2]     ; 9.071  ; 9.071  ; 9.071  ; 9.071  ;
; SW[12]     ; Hex0[3]     ; 8.819  ; 8.819  ; 8.819  ; 8.819  ;
; SW[12]     ; LEDR[12]    ; 5.703  ;        ;        ; 5.703  ;
; SW[13]     ; Hex0[1]     ; 13.007 ; 13.007 ; 13.007 ; 13.007 ;
; SW[13]     ; Hex0[2]     ; 13.017 ; 13.017 ; 13.017 ; 13.017 ;
; SW[13]     ; Hex0[3]     ; 12.651 ; 12.651 ; 12.651 ; 12.651 ;
; SW[13]     ; Hex0[6]     ; 12.612 ; 12.612 ; 12.612 ; 12.612 ;
; SW[13]     ; LEDR[13]    ; 9.606  ;        ;        ; 9.606  ;
; SW[14]     ; Hex0[0]     ; 12.693 ; 12.693 ; 12.693 ; 12.693 ;
; SW[14]     ; Hex0[1]     ; 13.071 ; 13.071 ; 13.071 ; 13.071 ;
; SW[14]     ; Hex0[2]     ; 13.081 ; 13.081 ; 13.081 ; 13.081 ;
; SW[14]     ; Hex0[3]     ; 12.853 ; 12.853 ; 12.853 ; 12.853 ;
; SW[14]     ; Hex0[4]     ; 12.453 ; 12.453 ; 12.453 ; 12.453 ;
; SW[14]     ; Hex0[5]     ; 12.443 ; 12.443 ; 12.443 ; 12.443 ;
; SW[14]     ; Hex0[6]     ; 12.423 ; 12.423 ; 12.423 ; 12.423 ;
; SW[14]     ; LEDR[14]    ; 9.738  ;        ;        ; 9.738  ;
; SW[15]     ; Hex0[0]     ; 12.614 ; 12.614 ; 12.614 ; 12.614 ;
; SW[15]     ; Hex0[1]     ; 12.976 ; 12.976 ; 12.976 ; 12.976 ;
; SW[15]     ; Hex0[2]     ; 12.986 ; 12.986 ; 12.986 ; 12.986 ;
; SW[15]     ; Hex0[3]     ; 12.646 ; 12.646 ; 12.646 ; 12.646 ;
; SW[15]     ; Hex0[4]     ; 12.246 ; 12.246 ; 12.246 ; 12.246 ;
; SW[15]     ; Hex0[5]     ; 12.236 ; 12.236 ; 12.236 ; 12.236 ;
; SW[15]     ; Hex0[6]     ; 12.581 ; 12.581 ; 12.581 ; 12.581 ;
; SW[15]     ; LEDR[15]    ; 9.631  ;        ;        ; 9.631  ;
; SW[16]     ; Hex0[0]     ; 12.781 ; 12.781 ; 12.781 ; 12.781 ;
; SW[16]     ; Hex0[1]     ; 12.969 ; 12.969 ; 12.969 ; 12.969 ;
; SW[16]     ; Hex0[2]     ; 12.979 ; 12.979 ; 12.979 ; 12.979 ;
; SW[16]     ; Hex0[3]     ; 12.613 ; 12.613 ; 12.613 ; 12.613 ;
; SW[16]     ; Hex0[4]     ; 12.147 ; 12.147 ; 12.147 ; 12.147 ;
; SW[16]     ; Hex0[5]     ; 12.137 ; 12.137 ; 12.137 ; 12.137 ;
; SW[16]     ; Hex0[6]     ; 12.574 ; 12.574 ; 12.574 ; 12.574 ;
; SW[16]     ; LEDR[16]    ; 9.649  ;        ;        ; 9.649  ;
; SW[17]     ; Hex0[0]     ; 11.986 ; 11.986 ; 11.986 ; 11.986 ;
; SW[17]     ; Hex0[1]     ; 12.628 ; 11.951 ; 11.951 ; 12.628 ;
; SW[17]     ; Hex0[2]     ; 12.638 ; 11.961 ; 11.961 ; 12.638 ;
; SW[17]     ; Hex0[3]     ; 11.709 ; 11.709 ; 11.709 ; 11.709 ;
; SW[17]     ; Hex0[4]     ; 11.013 ; 11.013 ; 11.013 ; 11.013 ;
; SW[17]     ; Hex0[5]     ; 11.003 ; 11.003 ; 11.003 ; 11.003 ;
; SW[17]     ; Hex0[6]     ; 11.524 ; 11.524 ; 11.524 ; 11.524 ;
; SW[17]     ; LEDR[17]    ; 9.873  ;        ;        ; 9.873  ;
+------------+-------------+--------+--------+--------+--------+


+----------------------------------------------------------+
; Minimum Progagation Delay                                ;
+------------+-------------+-------+-------+-------+-------+
; Input Port ; Output Port ; RR    ; RF    ; FR    ; FF    ;
+------------+-------------+-------+-------+-------+-------+
; SW[0]      ; Hex0[0]     ;       ; 4.224 ; 4.224 ;       ;
; SW[0]      ; Hex0[1]     ; 4.188 ; 4.188 ; 4.188 ; 4.188 ;
; SW[0]      ; Hex0[2]     ; 4.198 ; 4.198 ; 4.198 ; 4.198 ;
; SW[0]      ; Hex0[3]     ;       ; 4.103 ; 4.103 ;       ;
; SW[0]      ; LEDR[0]     ; 3.182 ;       ;       ; 3.182 ;
; SW[1]      ; Hex0[1]     ; 4.383 ; 4.383 ; 4.383 ; 4.383 ;
; SW[1]      ; Hex0[2]     ; 4.393 ; 4.393 ; 4.393 ; 4.393 ;
; SW[1]      ; Hex0[3]     ;       ; 4.300 ; 4.300 ;       ;
; SW[1]      ; Hex0[6]     ; 4.288 ;       ;       ; 4.288 ;
; SW[1]      ; LEDR[1]     ; 3.236 ;       ;       ; 3.236 ;
; SW[2]      ; Hex0[0]     ; 3.722 ;       ;       ; 3.722 ;
; SW[2]      ; Hex0[1]     ; 3.865 ; 3.865 ; 3.865 ; 3.865 ;
; SW[2]      ; Hex0[2]     ; 3.875 ; 3.875 ; 3.875 ; 3.875 ;
; SW[2]      ; Hex0[3]     ; 3.779 ;       ;       ; 3.779 ;
; SW[2]      ; Hex0[4]     ; 3.611 ;       ;       ; 3.611 ;
; SW[2]      ; Hex0[5]     ; 3.601 ;       ;       ; 3.601 ;
; SW[2]      ; Hex0[6]     ; 3.594 ;       ;       ; 3.594 ;
; SW[2]      ; LEDR[2]     ; 2.794 ;       ;       ; 2.794 ;
; SW[3]      ; Hex0[0]     ;       ; 3.544 ; 3.544 ;       ;
; SW[3]      ; Hex0[1]     ; 3.508 ; 3.508 ; 3.508 ; 3.508 ;
; SW[3]      ; Hex0[2]     ; 3.518 ; 3.518 ; 3.518 ; 3.518 ;
; SW[3]      ; Hex0[3]     ;       ; 3.423 ; 3.423 ;       ;
; SW[3]      ; LEDR[3]     ; 3.090 ;       ;       ; 3.090 ;
; SW[4]      ; Hex0[1]     ; 3.444 ; 3.444 ; 3.444 ; 3.444 ;
; SW[4]      ; Hex0[2]     ; 3.454 ; 3.454 ; 3.454 ; 3.454 ;
; SW[4]      ; Hex0[3]     ;       ; 3.361 ; 3.361 ;       ;
; SW[4]      ; Hex0[6]     ; 3.349 ;       ;       ; 3.349 ;
; SW[4]      ; LEDR[4]     ; 2.842 ;       ;       ; 2.842 ;
; SW[5]      ; Hex0[0]     ; 3.380 ;       ;       ; 3.380 ;
; SW[5]      ; Hex0[1]     ; 3.517 ; 3.521 ; 3.521 ; 3.517 ;
; SW[5]      ; Hex0[2]     ; 3.527 ; 3.531 ; 3.531 ; 3.527 ;
; SW[5]      ; Hex0[3]     ; 3.435 ;       ;       ; 3.435 ;
; SW[5]      ; Hex0[4]     ; 3.267 ;       ;       ; 3.267 ;
; SW[5]      ; Hex0[5]     ; 3.257 ;       ;       ; 3.257 ;
; SW[5]      ; Hex0[6]     ; 3.246 ;       ;       ; 3.246 ;
; SW[5]      ; LEDR[5]     ; 3.060 ;       ;       ; 3.060 ;
; SW[6]      ; Hex0[0]     ; 3.685 ; 3.685 ; 3.685 ; 3.685 ;
; SW[6]      ; Hex0[1]     ; 3.649 ; 3.649 ; 3.649 ; 3.649 ;
; SW[6]      ; Hex0[2]     ; 3.659 ; 3.659 ; 3.659 ; 3.659 ;
; SW[6]      ; Hex0[3]     ; 3.564 ; 3.564 ; 3.564 ; 3.564 ;
; SW[6]      ; LEDR[6]     ; 2.907 ;       ;       ; 2.907 ;
; SW[7]      ; Hex0[1]     ; 4.379 ; 4.379 ; 4.379 ; 4.379 ;
; SW[7]      ; Hex0[2]     ; 4.389 ; 4.389 ; 4.389 ; 4.389 ;
; SW[7]      ; Hex0[3]     ;       ; 4.296 ; 4.296 ;       ;
; SW[7]      ; Hex0[6]     ; 4.284 ;       ;       ; 4.284 ;
; SW[7]      ; LEDR[7]     ; 3.580 ;       ;       ; 3.580 ;
; SW[8]      ; Hex0[0]     ; 4.427 ;       ;       ; 4.427 ;
; SW[8]      ; Hex0[1]     ; 4.564 ; 4.568 ; 4.568 ; 4.564 ;
; SW[8]      ; Hex0[2]     ; 4.574 ; 4.578 ; 4.578 ; 4.574 ;
; SW[8]      ; Hex0[3]     ; 4.482 ;       ;       ; 4.482 ;
; SW[8]      ; Hex0[4]     ; 4.314 ;       ;       ; 4.314 ;
; SW[8]      ; Hex0[5]     ; 4.304 ;       ;       ; 4.304 ;
; SW[8]      ; Hex0[6]     ; 4.293 ;       ;       ; 4.293 ;
; SW[8]      ; LEDR[8]     ; 3.211 ;       ;       ; 3.211 ;
; SW[9]      ; Hex0[0]     ;       ; 4.760 ; 4.760 ;       ;
; SW[9]      ; Hex0[1]     ; 4.724 ; 4.724 ; 4.724 ; 4.724 ;
; SW[9]      ; Hex0[2]     ; 4.734 ; 4.734 ; 4.734 ; 4.734 ;
; SW[9]      ; Hex0[3]     ;       ; 4.639 ; 4.639 ;       ;
; SW[9]      ; LEDR[9]     ; 3.386 ;       ;       ; 3.386 ;
; SW[10]     ; Hex0[1]     ; 4.407 ; 4.407 ; 4.407 ; 4.407 ;
; SW[10]     ; Hex0[2]     ; 4.417 ; 4.417 ; 4.417 ; 4.417 ;
; SW[10]     ; Hex0[3]     ; 4.324 ; 4.324 ; 4.324 ; 4.324 ;
; SW[10]     ; Hex0[6]     ; 4.312 ; 4.312 ; 4.312 ; 4.312 ;
; SW[10]     ; LEDR[10]    ; 3.099 ;       ;       ; 3.099 ;
; SW[11]     ; Hex0[0]     ; 4.456 ; 4.456 ; 4.456 ; 4.456 ;
; SW[11]     ; Hex0[1]     ; 4.593 ; 4.593 ; 4.593 ; 4.593 ;
; SW[11]     ; Hex0[2]     ; 4.603 ; 4.603 ; 4.603 ; 4.603 ;
; SW[11]     ; Hex0[3]     ; 4.511 ; 4.511 ; 4.511 ; 4.511 ;
; SW[11]     ; Hex0[4]     ; 4.343 ; 4.343 ; 4.343 ; 4.343 ;
; SW[11]     ; Hex0[5]     ; 4.333 ; 4.333 ; 4.333 ; 4.333 ;
; SW[11]     ; Hex0[6]     ; 4.322 ; 4.322 ; 4.322 ; 4.322 ;
; SW[11]     ; LEDR[11]    ; 3.067 ;       ;       ; 3.067 ;
; SW[12]     ; Hex0[0]     ; 4.579 ; 4.579 ; 4.579 ; 4.579 ;
; SW[12]     ; Hex0[1]     ; 4.543 ; 4.543 ; 4.543 ; 4.543 ;
; SW[12]     ; Hex0[2]     ; 4.553 ; 4.553 ; 4.553 ; 4.553 ;
; SW[12]     ; Hex0[3]     ; 4.458 ; 4.458 ; 4.458 ; 4.458 ;
; SW[12]     ; LEDR[12]    ; 3.112 ;       ;       ; 3.112 ;
; SW[13]     ; Hex0[1]     ; 6.872 ; 6.872 ; 6.872 ; 6.872 ;
; SW[13]     ; Hex0[2]     ; 6.882 ; 6.882 ; 6.882 ; 6.882 ;
; SW[13]     ; Hex0[3]     ; 6.789 ; 6.789 ; 6.789 ; 6.789 ;
; SW[13]     ; Hex0[6]     ; 6.777 ; 6.777 ; 6.777 ; 6.777 ;
; SW[13]     ; LEDR[13]    ; 5.497 ;       ;       ; 5.497 ;
; SW[14]     ; Hex0[0]     ; 6.865 ; 6.865 ; 6.865 ; 6.865 ;
; SW[14]     ; Hex0[1]     ; 7.002 ; 7.002 ; 7.002 ; 7.002 ;
; SW[14]     ; Hex0[2]     ; 7.012 ; 7.012 ; 7.012 ; 7.012 ;
; SW[14]     ; Hex0[3]     ; 6.920 ; 6.920 ; 6.920 ; 6.920 ;
; SW[14]     ; Hex0[4]     ; 6.752 ; 6.752 ; 6.752 ; 6.752 ;
; SW[14]     ; Hex0[5]     ; 6.742 ; 6.742 ; 6.742 ; 6.742 ;
; SW[14]     ; Hex0[6]     ; 6.731 ; 6.731 ; 6.731 ; 6.731 ;
; SW[14]     ; LEDR[14]    ; 5.599 ;       ;       ; 5.599 ;
; SW[15]     ; Hex0[0]     ; 6.713 ; 6.713 ; 6.713 ; 6.713 ;
; SW[15]     ; Hex0[1]     ; 6.677 ; 6.677 ; 6.677 ; 6.677 ;
; SW[15]     ; Hex0[2]     ; 6.687 ; 6.687 ; 6.687 ; 6.687 ;
; SW[15]     ; Hex0[3]     ; 6.592 ; 6.592 ; 6.592 ; 6.592 ;
; SW[15]     ; Hex0[4]     ; 6.640 ; 6.640 ; 6.640 ; 6.640 ;
; SW[15]     ; Hex0[5]     ; 6.630 ; 6.630 ; 6.630 ; 6.630 ;
; SW[15]     ; Hex0[6]     ; 6.619 ; 6.619 ; 6.619 ; 6.619 ;
; SW[15]     ; LEDR[15]    ; 5.522 ;       ;       ; 5.522 ;
; SW[16]     ; Hex0[0]     ; 6.541 ; 6.541 ; 6.541 ; 6.541 ;
; SW[16]     ; Hex0[1]     ; 6.653 ; 6.653 ; 6.653 ; 6.653 ;
; SW[16]     ; Hex0[2]     ; 6.663 ; 6.663 ; 6.663 ; 6.663 ;
; SW[16]     ; Hex0[3]     ; 6.570 ; 6.570 ; 6.570 ; 6.570 ;
; SW[16]     ; Hex0[4]     ; 6.428 ; 6.428 ; 6.428 ; 6.428 ;
; SW[16]     ; Hex0[5]     ; 6.418 ; 6.418 ; 6.418 ; 6.418 ;
; SW[16]     ; Hex0[6]     ; 6.407 ; 6.407 ; 6.407 ; 6.407 ;
; SW[16]     ; LEDR[16]    ; 5.535 ;       ;       ; 5.535 ;
; SW[17]     ; Hex0[0]     ; 6.312 ; 6.312 ; 6.312 ; 6.312 ;
; SW[17]     ; Hex0[1]     ; 6.452 ; 6.452 ; 6.452 ; 6.452 ;
; SW[17]     ; Hex0[2]     ; 6.462 ; 6.462 ; 6.462 ; 6.462 ;
; SW[17]     ; Hex0[3]     ; 6.366 ; 6.366 ; 6.366 ; 6.366 ;
; SW[17]     ; Hex0[4]     ; 6.198 ; 6.198 ; 6.198 ; 6.198 ;
; SW[17]     ; Hex0[5]     ; 6.188 ; 6.188 ; 6.188 ; 6.188 ;
; SW[17]     ; Hex0[6]     ; 6.377 ; 6.377 ; 6.377 ; 6.377 ;
; SW[17]     ; LEDR[17]    ; 5.661 ;       ;       ; 5.661 ;
+------------+-------------+-------+-------+-------+-------+


-------------------
; Clock Transfers ;
-------------------
Nothing to report.


---------------
; Report TCCS ;
---------------
No dedicated SERDES Transmitter circuitry present in device or used in design


---------------
; Report RSKM ;
---------------
No dedicated SERDES Receiver circuitry present in device or used in design


+------------------------------------------------+
; Unconstrained Paths                            ;
+---------------------------------+-------+------+
; Property                        ; Setup ; Hold ;
+---------------------------------+-------+------+
; Illegal Clocks                  ; 0     ; 0    ;
; Unconstrained Clocks            ; 0     ; 0    ;
; Unconstrained Input Ports       ; 18    ; 18   ;
; Unconstrained Input Port Paths  ; 114   ; 114  ;
; Unconstrained Output Ports      ; 25    ; 25   ;
; Unconstrained Output Port Paths ; 114   ; 114  ;
+---------------------------------+-------+------+


+------------------------------------+
; TimeQuest Timing Analyzer Messages ;
+------------------------------------+
Info: *******************************************************************
Info: Running Quartus II 64-Bit TimeQuest Timing Analyzer
    Info: Version 13.0.1 Build 232 06/12/2013 Service Pack 1 SJ Web Edition
    Info: Processing started: Thu Apr 28 07:45:01 2016
Info: Command: quartus_sta SegmentDisplay -c SegmentDisplay
Info: qsta_default_script.tcl version: #1
Warning (20028): Parallel compilation is not licensed and has been disabled
Info (21077): Low junction temperature is 0 degrees C
Info (21077): High junction temperature is 85 degrees C
Critical Warning (332012): Synopsys Design Constraints File file not found: 'SegmentDisplay.sdc'. A Synopsys Design Constraints File is required by the TimeQuest Timing Analyzer to get proper timing constraints. Without it, the Compiler will not properly optimize the design.
Info (332142): No user constrained base clocks found in the design. Calling "derive_clocks -period 1.0"
Info (332096): The command derive_clocks did not find any clocks to derive.  No clocks were created or changed.
Warning (332068): No clocks defined in design.
Info: Found TIMEQUEST_REPORT_SCRIPT_INCLUDE_DEFAULT_ANALYSIS = ON
Info (332159): No clocks to report
Info: Analyzing Slow Model
Info (332140): No fmax paths to report
Info (332140): No Setup paths to report
Info (332140): No Hold paths to report
Info (332140): No Recovery paths to report
Info (332140): No Removal paths to report
Info (332140): No Minimum Pulse Width paths to report
Info (332001): The selected device family is not supported by the report_metastability command.
Info: Analyzing Fast Model
Info (332142): No user constrained base clocks found in the design. Calling "derive_clocks -period 1.0"
Info (332096): The command derive_clocks did not find any clocks to derive.  No clocks were created or changed.
Warning (332068): No clocks defined in design.
Info (332140): No Setup paths to report
Info (332140): No Hold paths to report
Info (332140): No Recovery paths to report
Info (332140): No Removal paths to report
Info (332140): No Minimum Pulse Width paths to report
Info (332001): The selected device family is not supported by the report_metastability command.
Info (332102): Design is not fully constrained for setup requirements
Info (332102): Design is not fully constrained for hold requirements
Info: Quartus II 64-Bit TimeQuest Timing Analyzer was successful. 0 errors, 4 warnings
    Info: Peak virtual memory: 389 megabytes
    Info: Processing ended: Thu Apr 28 07:45:01 2016
    Info: Elapsed time: 00:00:00
    Info: Total CPU time (on all processors): 00:00:01


